---
source: src/cli/rendering.rs
expression: ansi_stripped_time_sheet.to_string()
---
╭─────────────────────────────────────────────────────────────────────────────────────────────┬───────╮
│ Job number    Job name          Task name          Mon   Tue   Wed   Thu   Fri   Sat   Sun  │ Sum   │
├─────────────────────────────────────────────────────────────────────────────────────────────┼───────┤
│ one           Job number one    Task number one    8:00  8:00                               │ 16:00 │
├─────────────────────────────────────────────────────────────────────────────────────────────┼───────┤
│ two           job number two    task number two                8:00  8:00  1:00  1:00       │ 18:00 │
├─────────────────────────────────────────────────────────────────────────────────────────────┼───────┤
│ three         job number three  task number three                          7:00  7:00  8:00 │ 22:00 │
├─────────────────────────────────────────────────────────────────────────────────────────────┼───────┤
│ --            Sum                                  8:00  8:00  8:00  8:00  8:00  8:00  8:00 │ 56:00 │
├─────────────────────────────────────────────────────────────────────────────────────────────┼───────┤
│ Week 2024W47  November          November           18    19    20    21    22    23    24   │       │
╰─────────────────────────────────────────────────────────────────────────────────────────────┴───────╯
