---
source: src/cli/rendering.rs
expression: time_sheet.to_string()
snapshot_kind: text
---
[38;2;85;85;85m╭───────────────────────────────────────────────────────────────────────────────╮[39m
[38;2;85;85;85m│[39m[1m [22m[1mJob name[22m[1m        [22m[1m [22m[1m [22m[1mTask name[22m[1m        [22m[1m [22m[1m [22m[1mMon[22m[1m [22m[1m [22m[1m [22m[1mTue[22m[1m [22m[1m [22m[1m [22m[1mWed[22m[1m [22m[1m [22m[1m [22m[1mThu[22m[1m [22m[1m [22m[1m [22m[1mFri[22m[1m [22m[1m [22m[1m [22m[1mSat[22m[1m [22m[1m [22m[1m [22m[1mSun[22m[1m [22m[1m [22m[38;2;85;85;85m│[39m
[38;2;85;85;85m├───────────────────────────────────────────────────────────────────────────────┤[39m
[38;2;85;85;85m│[39m Job number one    Task number one    8:00  8:00                               [38;2;85;85;85m│[39m
[38;2;85;85;85m├───────────────────────────────────────────────────────────────────────────────┤[39m
[38;2;85;85;85m│[39m job number two    task number two                8:00  8:00  1:00  1:00       [38;2;85;85;85m│[39m
[38;2;85;85;85m├───────────────────────────────────────────────────────────────────────────────┤[39m
[38;2;85;85;85m│[39m job number three  task number three                          7:00  7:00  8:00 [38;2;85;85;85m│[39m
[38;2;85;85;85m├───────────────────────────────────────────────────────────────────────────────┤[39m
[38;2;85;85;85m│[39m[38;2;85;85;85m [39m[38;2;85;85;85mWeek 47[39m[38;2;85;85;85m                                                                      [39m[38;2;85;85;85m [39m[38;2;85;85;85m│[39m
[38;2;85;85;85m╰───────────────────────────────────────────────────────────────────────────────╯[39m
